Microchip MPLAB XC8 Compiler V1.33 ()

Linker command line:

-W-3 --edf=C:\Program Files (x86)\Microchip\xc8\v1.33\dat\en_msgs.txt -cs \
  -h+dist/default/production\SLAPONPLASTIC.X.production.sym \
  --cmf=dist/default/production\SLAPONPLASTIC.X.production.cmf -z -Q18F4525 \
  -oC:\Users\hartw\AppData\Local\Temp\s1ap4.6 \
  -Mdist/default/production/SLAPONPLASTIC.X.production.map -E1 -ver=XC8 \
  -ASTACK=080h-09ffh -pstack=STACK -ACODE=00h-0BFFFh -ACONST=00h-0BFFFh \
  -ASMALLCONST=01000h-010FFhx176 -AMEDIUMCONST=01000h-0BFFFh \
  -ACOMRAM=01h-07Fh -AABS1=00h-0F7Fh -ABIGRAM=01h-0F7Fh \
  -ARAM=080h-0FFh,0100h-01FFhx14,0F00h-0F7Fh -ABANK0=080h-0FFh \
  -ABANK1=0100h-01FFh -ABANK2=0200h-02FFh -ABANK3=0300h-03FFh \
  -ABANK4=0400h-04FFh -ABANK5=0500h-05FFh -ABANK6=0600h-06FFh \
  -ABANK7=0700h-07FFh -ABANK8=0800h-08FFh -ABANK9=0900h-09FFh \
  -ABANK10=0A00h-0AFFh -ABANK11=0B00h-0BFFh -ABANK12=0C00h-0CFFh \
  -ABANK13=0D00h-0DFFh -ABANK14=0E00h-0EFFh -ABANK15=0F00h-0F7Fh \
  -ASFR=0F80h-0FFFh \
  -preset_vec=00h,intcode=08h,intcodelo,powerup,init,end_init \
  -pramtop=01000h -psmallconst=SMALLCONST -pmediumconst=MEDIUMCONST \
  -pconst=CONST -AFARRAM=00h-00h -ACONFIG=0300000h-030000Dh -pconfig=CONFIG \
  -AIDLOC=0200000h-0200007h -pidloc=IDLOC -AEEDATA=0F00000h-0F003FFh \
  -peeprom_data=EEDATA \
  -prdata=COMRAM,nvrram=COMRAM,nvbit=COMRAM,rbss=COMRAM,rbit=COMRAM \
  -pfarbss=FARRAM,fardata=FARRAM,nvFARRAM=FARRAM \
  -pintsave_regs=BIGRAM,bigbss=BIGRAM,bigdata=BIGRAM -pbss=RAM \
  -pidata=CODE,irdata=CODE,ibigdata=CODE,ifardata=CODE \
  C:\Users\hartw\AppData\Local\Temp\s1ap4.obj \
  dist/default/production\SLAPONPLASTIC.X.production.obj 

Object code version is 3.11

Machine type is 18F4525

Call graph: (short form)




                Name                               Link     Load   Length Selector   Space Scale
C:\Users\hartw\AppData\Local\Temp\s1ap4.obj
                end_init                             18       18        4        4       0
                reset_vec                             0        0        4        0       0
                idloc                            200000   200000        8   200000       0
                config                           300000   300000        E   300000       0
dist/default/production\SLAPONPLASTIC.X.production.obj
                intcode                               8        8       10        4       0
                smallconst                         1000     1000       80      800       0
                intcode_body                       13C6     13C6       7E      840       0
                text47                             150A     150A       5E      840       0
                text46                             19BC     19BC        6      840       0
                text45                             19CA     19CA        2      840       0
                text44                             16EE     16EE       2A      840       0
                text43                             1864     1864       20      840       0
                text42                             1988     1988        C      840       0
                text41                             19C6     19C6        4      840       0
                text40                             1994     1994        A      840       0
                text39                             190E     190E       16      840       0
                text38                             17FE     17FE       24      840       0
                text37                             114A     114A       C4      840       0
                text36                             14AC     14AC       5E      840       0
                text35                             194C     194C       12      840       0
                text34                             161C     161C       3A      840       0
                text33                             18DA     18DA       1C      840       0
                text32                             1444     1444       68      840       0
                text31                             15E2     15E2       3A      840       0
                text30                             15A8     15A8       3A      840       0
                text29                             18F6     18F6       18      840       0
                text28                             19B6     19B6        6      840       0
                text27                             19B0     19B0        6      840       0
                text26                             197A     197A        E      840       0
                text25                             19AA     19AA        6      840       0
                text24                             19A4     19A4        6      840       0
                text23                             199E     199E        6      840       0
                text22                             1844     1844       20      840       0
                text21                             120E     120E       AA      840       0
                text20                             18BE     18BE       1C      840       0
                text19                             1884     1884       1E      840       0
                text18                             18A2     18A2       1C      840       0
                text17                             196C     196C        E      840       0
                text16                             1938     1938       14      840       0
                text15                             1924     1924       14      840       0
                text14                             1568     1568       40      840       0
                text13                             1718     1718       28      840       0
                text12                             12B8     12B8       90      840       0
                text11                             19C2     19C2        4      840       0
                text10                             1080     1080       CA      840       0
                text9                              17D8     17D8       26      840       0
                text8                              17B2     17B2       26      840       0
                text7                              178C     178C       26      840       0
                text6                              1766     1766       26      840       0
                text5                              1740     1740       26      840       0
                text4                              16BE     16BE       30      840       0
                text3                              1822     1822       22      840       0
                text2                              1656     1656       38      840       0
                text1                              1348     1348       7E      840       0
                text0                              168E     168E       30      840       0
                cstackCOMRAM                          1        1       1D        1       1
                bssCOMRAM                            1E       1E        4        1       1
                cinit                              195E     195E        E      840       0

TOTAL           Name                               Link     Load   Length     Space
        CLASS   STACK          

        CLASS   CODE           
                end_init                             18       18        4         0
                intcode                               8        8       10         0
                reset_vec                             0        0        4         0
                intcode_body                       13C6     13C6       7E         0
                text47                             150A     150A       5E         0
                text46                             19BC     19BC        6         0
                text45                             19CA     19CA        2         0
                text44                             16EE     16EE       2A         0
                text43                             1864     1864       20         0
                text42                             1988     1988        C         0
                text41                             19C6     19C6        4         0
                text40                             1994     1994        A         0
                text39                             190E     190E       16         0
                text38                             17FE     17FE       24         0
                text37                             114A     114A       C4         0
                text36                             14AC     14AC       5E         0
                text35                             194C     194C       12         0
                text34                             161C     161C       3A         0
                text33                             18DA     18DA       1C         0
                text32                             1444     1444       68         0
                text31                             15E2     15E2       3A         0
                text30                             15A8     15A8       3A         0
                text29                             18F6     18F6       18         0
                text28                             19B6     19B6        6         0
                text27                             19B0     19B0        6         0
                text26                             197A     197A        E         0
                text25                             19AA     19AA        6         0
                text24                             19A4     19A4        6         0
                text23                             199E     199E        6         0
                text22                             1844     1844       20         0
                text21                             120E     120E       AA         0
                text20                             18BE     18BE       1C         0
                text19                             1884     1884       1E         0
                text18                             18A2     18A2       1C         0
                text17                             196C     196C        E         0
                text16                             1938     1938       14         0
                text15                             1924     1924       14         0
                text14                             1568     1568       40         0
                text13                             1718     1718       28         0
                text12                             12B8     12B8       90         0
                text11                             19C2     19C2        4         0
                text10                             1080     1080       CA         0
                text9                              17D8     17D8       26         0
                text8                              17B2     17B2       26         0
                text7                              178C     178C       26         0
                text6                              1766     1766       26         0
                text5                              1740     1740       26         0
                text4                              16BE     16BE       30         0
                text3                              1822     1822       22         0
                text2                              1656     1656       38         0
                text1                              1348     1348       7E         0
                text0                              168E     168E       30         0
                cinit                              195E     195E        E         0

        CLASS   CONST          

        CLASS   SMALLCONST     
                smallconst                         1000     1000       80         0

        CLASS   MEDIUMCONST    

        CLASS   COMRAM         
                cstackCOMRAM                          1        1       1D         1
                bssCOMRAM                            1E       1E        4         1

        CLASS   ABS1           

        CLASS   BIGRAM         

        CLASS   RAM            

        CLASS   BANK0          

        CLASS   BANK1          

        CLASS   BANK2          

        CLASS   BANK3          

        CLASS   BANK4          

        CLASS   BANK5          

        CLASS   BANK6          

        CLASS   BANK7          

        CLASS   BANK8          

        CLASS   BANK9          

        CLASS   BANK10         

        CLASS   BANK11         

        CLASS   BANK12         

        CLASS   BANK13         

        CLASS   BANK14         

        CLASS   BANK15         

        CLASS   SFR            

        CLASS   FARRAM         

        CLASS   CONFIG         
                config                           300000   300000        E         0

        CLASS   IDLOC          
                idloc                            200000   200000        8         0

        CLASS   EEDATA         



SEGMENTS        Name                           Load    Length   Top    Selector   Space  Class

                reset_vec                      000000  000004  000004         0       0  CODE    
                cstackCOMRAM                   000001  000021  000022         1       1  COMRAM  
                intcode                        000008  000014  00001C         4       0  CODE    
                smallconst                     001000  000080  001080       800       0  SMALLCON
                text10                         001080  00094C  0019CC       840       0  CODE    
                idloc                          200000  000008  200008    200000       0  IDLOC   
                config                         300000  00000E  30000E    300000       0  CONFIG  


UNUSED ADDRESS RANGES

        Name                Unused          Largest block    Delta
        BANK0            000080-0000FF               80
        BANK1            000100-0001FF              100
        BANK10           000A00-000AFF              100
        BANK11           000B00-000BFF              100
        BANK12           000C00-000CFF              100
        BANK13           000D00-000DFF              100
        BANK14           000E00-000EFF              100
        BANK15           000F00-000F7F               80
        BANK2            000200-0002FF              100
        BANK3            000300-0003FF              100
        BANK4            000400-0004FF              100
        BANK5            000500-0005FF              100
        BANK6            000600-0006FF              100
        BANK7            000700-0007FF              100
        BANK8            000800-0008FF              100
        BANK9            000900-0009FF              100
        BIGRAM           000022-000F7F              F5E
        CODE             000004-000007                4
                         00001C-000FFF              FE4
                         0019CC-00BFFF             A634
        COMRAM           000022-00007F               5E
        CONST            000004-000007                4
                         00001C-000FFF              FE4
                         0019CC-00BFFF             A634
        EEDATA           F00000-F003FF              400
        MEDIUMCONST      0019CC-00BFFF             A634
        RAM              000080-000F7F              100
        SFR              000F80-000FFF               80
        SMALLCONST       0019CC-00BFFF              100
        STACK            000080-0009FF              980

                                  Symbol Table

?_ReadADC                            cstackCOMRAM 00000F
?_adc                                cstackCOMRAM 000011
?_printf                             cstackCOMRAM 00000F
OpenADC@config                       cstackCOMRAM 000013
OpenADC@config2                      cstackCOMRAM 00000F
OpenADC@portconfig                   cstackCOMRAM 000010
OpenPWM1@period                      cstackCOMRAM 00000F
OpenPWM2@ccp2mx                      cstackCOMRAM 000011
OpenPWM2@period                      cstackCOMRAM 000010
OpenTimer2@config                    cstackCOMRAM 00000F
OpenUSART@config                     cstackCOMRAM 000014
OpenUSART@spbrg                      cstackCOMRAM 00000F
PORtask@count1                       cstackCOMRAM 000014
PORtask@count2                       cstackCOMRAM 000018
SetChanADC@channel                   cstackCOMRAM 000010
SetDCPWM1@DCycle                     cstackCOMRAM 000013
SetDCPWM1@dutycycle                  cstackCOMRAM 00000F
SetDCPWM2@DCycle                     cstackCOMRAM 000013
SetDCPWM2@dutycycle                  cstackCOMRAM 00000F
_ADCON0                              (abs)        000FC2
_ADCON0bits                          (abs)        000FC2
_ADCON1                              (abs)        000FC1
_ADCON2                              (abs)        000FC0
_ADRESH                              (abs)        000FC4
_ADRESL                              (abs)        000FC3
_BORtask                             text22       001844
_BusyADC                             text42       001988
_CCP1CON                             (abs)        000FBD
_CCP2CON                             (abs)        000FBA
_CCPR1L                              (abs)        000FBE
_CCPR2L                              (abs)        000FBB
_ConvertADC                          text41       0019C6
_HLVDCONbits                         (abs)        000FD2
_INTCONbits                          (abs)        000FF2
_IPR2bits                            (abs)        000FA2
_LVtrap                              text43       001864
_OSCCONbits                          (abs)        000FD3
_OSCTUNEbits                         (abs)        000F9B
_OpenADC                             text36       0014AC
_OpenPWM1                            text35       00194C
_OpenPWM2                            text34       00161C
_OpenTimer2                          text33       0018DA
_OpenUSART                           text32       001444
_PIE1bits                            (abs)        000F9D
_PIE2bits                            (abs)        000FA0
_PIR1bits                            (abs)        000F9E
_PIR2bits                            (abs)        000FA1
_PORTCbits                           (abs)        000F82
_PORTD                               (abs)        000F83
_PORTDbits                           (abs)        000F83
_PORTEbits                           (abs)        000F84
_PORtask                             text21       00120E
_PR2                                 (abs)        000FCB
_RCONbits                            (abs)        000FD0
_RCSTA                               (abs)        000FAB
_RCSTAbits                           (abs)        000FAB
_RESETtask                           text20       0018BE
_ReadADC                             text40       001994
_SPBRG                               (abs)        000FAF
_SPBRGH                              (abs)        000FB0
_STKFULtask                          text19       001884
_STKPTRbits                          (abs)        000FFC
_SeeLine                             bssCOMRAM    000020
_SetChanADC                          text39       00190E
_SetDCPWM1                           text31       0015E2
_SetDCPWM2                           text30       0015A8
_StatusReset                         text23       00199E
_T2CON                               (abs)        000FCA
_T2CONbits                           (abs)        000FCA
_TMR2                                (abs)        000FCC
_TRISA                               (abs)        000F92
_TRISB                               (abs)        000F93
_TRISBbits                           (abs)        000F93
_TRISC                               (abs)        000F94
_TRISCbits                           (abs)        000F94
_TRISD                               (abs)        000F95
_TRISE                               (abs)        000F96
_TXSTA                               (abs)        000FAC
_TXSTAbits                           (abs)        000FAC
_WDTtask                             text18       0018A2
__CFG_BOREN$ON                       (abs)        000000
__CFG_BORV$0                         (abs)        000000
__CFG_LVP$OFF                        (abs)        000000
__CFG_MCLRE$OFF                      (abs)        000000
__CFG_OSC$INTIO7                     (abs)        000000
__CFG_STVREN$ON                      (abs)        000000
__CFG_WDT$OFF                        (abs)        000000
__CFG_WDTPS$8                        (abs)        000000
__HRAM                               (abs)        000000
__Habs1                              abs1         000000
__Hbank0                             bank0        000000
__Hbank1                             bank1        000000
__Hbank10                            bank10       000000
__Hbank11                            bank11       000000
__Hbank12                            bank12       000000
__Hbank13                            bank13       000000
__Hbank14                            bank14       000000
__Hbank15                            bank15       000000
__Hbank2                             bank2        000000
__Hbank3                             bank3        000000
__Hbank4                             bank4        000000
__Hbank5                             bank5        000000
__Hbank6                             bank6        000000
__Hbank7                             bank7        000000
__Hbank8                             bank8        000000
__Hbank9                             bank9        000000
__Hbigbss                            bigbss       000000
__Hbigdata                           bigdata      000000
__Hbigram                            bigram       000000
__Hbss                               bss          000000
__HbssCOMRAM                         bssCOMRAM    000000
__Hcinit                             cinit        000000
__Hclrtext                           clrtext      000000
__Hcomram                            comram       000000
__Hconfig                            config       30000E
__Hconst                             const        000000
__HcstackCOMRAM                      cstackCOMRAM 000000
__Hdata                              data         000000
__Heeprom_data                       eeprom_data  000000
__Hend_init                          end_init     00001C
__Hfarbss                            farbss       000000
__Hfardata                           fardata      000000
__Hibigdata                          ibigdata     000000
__Hidata                             idata        000000
__Hidloc                             idloc        200008
__Hifardata                          ifardata     000000
__Hinit                              init         000018
__Hintcode                           intcode      000018
__Hintcode_body                      intcode_body 000000
__Hintcodelo                         intcodelo    000018
__Hintentry                          intentry     000000
__Hintret                            intret       000000
__Hintsave_regs                      intsave_regs 000000
__Hirdata                            irdata       000000
__Hmediumconst                       mediumconst  000000
__HnvFARRAM                          nvFARRAM     000000
__Hnvbit                             nvbit        000000
__Hnvrram                            nvrram       000000
__Hparam                             rparam       000000
__Hpowerup                           powerup      000018
__Hram                               ram          000000
__Hramtop                            ramtop       001000
__Hrbit                              rbit         000000
__Hrbss                              rbss         000000
__Hrdata                             rdata        000000
__Hreset_vec                         reset_vec    000004
__Hrparam                            rparam       000000
__Hsfr                               sfr          000000
__Hsmallconst                        smallconst   001080
__Hspace_0                           (abs)        30000E
__Hspace_1                           (abs)        000022
__Hspace_2                           (abs)        000000
__Hstack                             stack        000000
__Hstruct                            struct       000000
__Htemp                              temp         000000
__Htext                              text         000000
__Htext0                             text0        000000
__Htext1                             text1        000000
__Htext10                            text10       000000
__Htext11                            text11       000000
__Htext12                            text12       000000
__Htext13                            text13       000000
__Htext14                            text14       000000
__Htext15                            text15       000000
__Htext16                            text16       000000
__Htext17                            text17       000000
__Htext18                            text18       000000
__Htext19                            text19       000000
__Htext2                             text2        000000
__Htext20                            text20       000000
__Htext21                            text21       000000
__Htext22                            text22       000000
__Htext23                            text23       000000
__Htext24                            text24       000000
__Htext25                            text25       000000
__Htext26                            text26       000000
__Htext27                            text27       000000
__Htext28                            text28       000000
__Htext29                            text29       000000
__Htext3                             text3        000000
__Htext30                            text30       000000
__Htext31                            text31       000000
__Htext32                            text32       000000
__Htext33                            text33       000000
__Htext34                            text34       000000
__Htext35                            text35       000000
__Htext36                            text36       000000
__Htext37                            text37       000000
__Htext38                            text38       000000
__Htext39                            text39       000000
__Htext4                             text4        000000
__Htext40                            text40       000000
__Htext41                            text41       000000
__Htext42                            text42       000000
__Htext43                            text43       000000
__Htext44                            text44       000000
__Htext45                            text45       000000
__Htext46                            text46       000000
__Htext47                            text47       000000
__Htext5                             text5        000000
__Htext6                             text6        000000
__Htext7                             text7        000000
__Htext8                             text8        000000
__Htext9                             text9        000000
__LRAM                               (abs)        000001
__Labs1                              abs1         000000
__Lbank0                             bank0        000000
__Lbank1                             bank1        000000
__Lbank10                            bank10       000000
__Lbank11                            bank11       000000
__Lbank12                            bank12       000000
__Lbank13                            bank13       000000
__Lbank14                            bank14       000000
__Lbank15                            bank15       000000
__Lbank2                             bank2        000000
__Lbank3                             bank3        000000
__Lbank4                             bank4        000000
__Lbank5                             bank5        000000
__Lbank6                             bank6        000000
__Lbank7                             bank7        000000
__Lbank8                             bank8        000000
__Lbank9                             bank9        000000
__Lbigbss                            bigbss       000000
__Lbigdata                           bigdata      000000
__Lbigram                            bigram       000000
__Lbss                               bss          000000
__LbssCOMRAM                         bssCOMRAM    000000
__Lcinit                             cinit        000000
__Lclrtext                           clrtext      000000
__Lcomram                            comram       000000
__Lconfig                            config       300000
__Lconst                             const        000000
__LcstackCOMRAM                      cstackCOMRAM 000000
__Ldata                              data         000000
__Leeprom_data                       eeprom_data  000000
__Lend_init                          end_init     000018
__Lfarbss                            farbss       000000
__Lfardata                           fardata      000000
__Libigdata                          ibigdata     000000
__Lidata                             idata        000000
__Lidloc                             idloc        200000
__Lifardata                          ifardata     000000
__Linit                              init         000018
__Lintcode                           intcode      000008
__Lintcode_body                      intcode_body 000000
__Lintcodelo                         intcodelo    000018
__Lintentry                          intentry     000000
__Lintret                            intret       000000
__Lintsave_regs                      intsave_regs 000000
__Lirdata                            irdata       000000
__Lmediumconst                       mediumconst  000000
__LnvFARRAM                          nvFARRAM     000000
__Lnvbit                             nvbit        000000
__Lnvrram                            nvrram       000000
__Lparam                             rparam       000000
__Lpowerup                           powerup      000018
__Lram                               ram          000000
__Lramtop                            ramtop       001000
__Lrbit                              rbit         000000
__Lrbss                              rbss         000000
__Lrdata                             rdata        000000
__Lreset_vec                         reset_vec    000000
__Lrparam                            rparam       000000
__Lsfr                               sfr          000000
__Lsmallconst                        smallconst   001000
__Lspace_0                           (abs)        000000
__Lspace_1                           (abs)        000000
__Lspace_2                           (abs)        000000
__Lstack                             stack        000000
__Lstruct                            struct       000000
__Ltemp                              temp         000000
__Ltext                              text         000000
__Ltext0                             text0        000000
__Ltext1                             text1        000000
__Ltext10                            text10       000000
__Ltext11                            text11       000000
__Ltext12                            text12       000000
__Ltext13                            text13       000000
__Ltext14                            text14       000000
__Ltext15                            text15       000000
__Ltext16                            text16       000000
__Ltext17                            text17       000000
__Ltext18                            text18       000000
__Ltext19                            text19       000000
__Ltext2                             text2        000000
__Ltext20                            text20       000000
__Ltext21                            text21       000000
__Ltext22                            text22       000000
__Ltext23                            text23       000000
__Ltext24                            text24       000000
__Ltext25                            text25       000000
__Ltext26                            text26       000000
__Ltext27                            text27       000000
__Ltext28                            text28       000000
__Ltext29                            text29       000000
__Ltext3                             text3        000000
__Ltext30                            text30       000000
__Ltext31                            text31       000000
__Ltext32                            text32       000000
__Ltext33                            text33       000000
__Ltext34                            text34       000000
__Ltext35                            text35       000000
__Ltext36                            text36       000000
__Ltext37                            text37       000000
__Ltext38                            text38       000000
__Ltext39                            text39       000000
__Ltext4                             text4        000000
__Ltext40                            text40       000000
__Ltext41                            text41       000000
__Ltext42                            text42       000000
__Ltext43                            text43       000000
__Ltext44                            text44       000000
__Ltext45                            text45       000000
__Ltext46                            text46       000000
__Ltext47                            text47       000000
__Ltext5                             text5        000000
__Ltext6                             text6        000000
__Ltext7                             text7        000000
__Ltext8                             text8        000000
__Ltext9                             text9        000000
__S0                                 (abs)        30000E
__S1                                 (abs)        000022
__S2                                 (abs)        000000
___inthi_sp                          stack        000000
___intlo_sp                          stack        000000
___sp                                stack        000000
__accesstop                          (abs)        000080
__activetblptr                       (abs)        000003
__end_of_BORtask                     text22       001864
__end_of_BusyADC                     text42       001994
__end_of_ConvertADC                  text41       0019CA
__end_of_LVtrap                      text43       001884
__end_of_OpenADC                     text36       00150A
__end_of_OpenPWM1                    text35       00195E
__end_of_OpenPWM2                    text34       001656
__end_of_OpenTimer2                  text33       0018F6
__end_of_OpenUSART                   text32       0014AC
__end_of_PORtask                     text21       0012B8
__end_of_RESETtask                   text20       0018DA
__end_of_ReadADC                     text40       00199E
__end_of_STKFULtask                  text19       0018A2
__end_of_SetChanADC                  text39       001924
__end_of_SetDCPWM1                   text31       00161C
__end_of_SetDCPWM2                   text30       0015E2
__end_of_StatusReset                 text23       0019A4
__end_of_WDTtask                     text18       0018BE
__end_of__initialization             cinit        001966
__end_of__stringdata                 smallconst   00107E
__end_of_adc                         text38       001822
__end_of_check_sensors               text37       00120E
__end_of_follow_simple_curves        text4        0016EE
__end_of_gtrap                       text47       001568
__end_of_high_isr                    intcode_body 001444
__end_of_initialization              text12       001348
__end_of_isBOR                       text17       00197A
__end_of_isPOR                       text16       00194C
__end_of_isWDTTO                     text15       001938
__end_of_lvd_flag_set                text11       0019C6
__end_of_main                        text0        0016BE
__end_of_motor_control               text2        00168E
__end_of_motors_brake_all            text3        001844
__end_of_openLVD                     text29       00190E
__end_of_openPORTA                   text28       0019BC
__end_of_openPORTB                   text27       0019B6
__end_of_openPORTCforPWM             text26       001988
__end_of_openPORTCforUSART           text25       0019B0
__end_of_openPORTD                   text46       0019C2
__end_of_openPORTE                   text24       0019AA
__end_of_printf                      text44       001718
__end_of_putch                       text45       0019CC
__end_of_reset_codes                 text14       0015A8
__end_of_set_leds                    text1        0013C6
__end_of_set_motor_speed             text10       00114A
__end_of_set_osc_32MHz               text13       001740
__end_of_spin_left                   text9        0017FE
__end_of_spin_right                  text8        0017D8
__end_of_straight_fwd                text7        0017B2
__end_of_turn_left                   text6        00178C
__end_of_turn_right                  text5        001766
__end_ofset_motor_speed@motor_speeds smallconst   00100F
__initialization                     cinit        00195E
__mediumconst                        mediumconst  000000
__pbssCOMRAM                         bssCOMRAM    00001E
__pcinit                             cinit        00195E
__pcstackCOMRAM                      cstackCOMRAM 000001
__pintcode                           intcode      000008
__pintcode_body                      intcode_body 0013C6
__psmallconst                        smallconst   001000
__ptext0                             text0        00168E
__ptext1                             text1        001348
__ptext10                            text10       001080
__ptext11                            text11       0019C2
__ptext12                            text12       0012B8
__ptext13                            text13       001718
__ptext14                            text14       001568
__ptext15                            text15       001924
__ptext16                            text16       001938
__ptext17                            text17       00196C
__ptext18                            text18       0018A2
__ptext19                            text19       001884
__ptext2                             text2        001656
__ptext20                            text20       0018BE
__ptext21                            text21       00120E
__ptext22                            text22       001844
__ptext23                            text23       00199E
__ptext24                            text24       0019A4
__ptext25                            text25       0019AA
__ptext26                            text26       00197A
__ptext27                            text27       0019B0
__ptext28                            text28       0019B6
__ptext29                            text29       0018F6
__ptext3                             text3        001822
__ptext30                            text30       0015A8
__ptext31                            text31       0015E2
__ptext32                            text32       001444
__ptext33                            text33       0018DA
__ptext34                            text34       00161C
__ptext35                            text35       00194C
__ptext36                            text36       0014AC
__ptext37                            text37       00114A
__ptext38                            text38       0017FE
__ptext39                            text39       00190E
__ptext4                             text4        0016BE
__ptext40                            text40       001994
__ptext41                            text41       0019C6
__ptext42                            text42       001988
__ptext43                            text43       001864
__ptext44                            text44       0016EE
__ptext45                            text45       0019CA
__ptext46                            text46       0019BC
__ptext47                            text47       00150A
__ptext5                             text5        001740
__ptext6                             text6        001766
__ptext7                             text7        00178C
__ptext8                             text8        0017B2
__ptext9                             text9        0017D8
__ramtop                             ramtop       001000
__size_of_BORtask                    (abs)        000000
__size_of_BusyADC                    (abs)        000000
__size_of_ConvertADC                 (abs)        000000
__size_of_LVtrap                     (abs)        000000
__size_of_OpenADC                    (abs)        000000
__size_of_OpenPWM1                   (abs)        000000
__size_of_OpenPWM2                   (abs)        000000
__size_of_OpenTimer2                 (abs)        000000
__size_of_OpenUSART                  (abs)        000000
__size_of_PORtask                    (abs)        000000
__size_of_RESETtask                  (abs)        000000
__size_of_ReadADC                    (abs)        000000
__size_of_STKFULtask                 (abs)        000000
__size_of_SetChanADC                 (abs)        000000
__size_of_SetDCPWM1                  (abs)        000000
__size_of_SetDCPWM2                  (abs)        000000
__size_of_StatusReset                (abs)        000000
__size_of_WDTtask                    (abs)        000000
__size_of_adc                        (abs)        000000
__size_of_check_sensors              (abs)        000000
__size_of_follow_simple_curves       (abs)        000000
__size_of_gtrap                      (abs)        000000
__size_of_high_isr                   (abs)        000000
__size_of_initialization             (abs)        000000
__size_of_isBOR                      (abs)        000000
__size_of_isPOR                      (abs)        000000
__size_of_isWDTTO                    (abs)        000000
__size_of_lvd_flag_set               (abs)        000000
__size_of_main                       (abs)        000000
__size_of_motor_control              (abs)        000000
__size_of_motors_brake_all           (abs)        000000
__size_of_openLVD                    (abs)        000000
__size_of_openPORTA                  (abs)        000000
__size_of_openPORTB                  (abs)        000000
__size_of_openPORTCforPWM            (abs)        000000
__size_of_openPORTCforUSART          (abs)        000000
__size_of_openPORTD                  (abs)        000000
__size_of_openPORTE                  (abs)        000000
__size_of_printf                     (abs)        000000
__size_of_putch                      (abs)        000000
__size_of_reset_codes                (abs)        000000
__size_of_set_leds                   (abs)        000000
__size_of_set_motor_speed            (abs)        000000
__size_of_set_osc_32MHz              (abs)        000000
__size_of_spin_left                  (abs)        000000
__size_of_spin_right                 (abs)        000000
__size_of_straight_fwd               (abs)        000000
__size_of_turn_left                  (abs)        000000
__size_of_turn_right                 (abs)        000000
__smallconst                         smallconst   001000
__stringdata                         smallconst   00100F
_adc                                 text38       0017FE
_check_sensors                       text37       00114A
_follow_simple_curves                text4        0016BE
_gtrap                               text47       00150A
_high_isr                            intcode      000008
_initialization                      text12       0012B8
_isBOR                               text17       00196C
_isPOR                               text16       001938
_isWDTTO                             text15       001924
_lvd_flag                            bssCOMRAM    000021
_lvd_flag_set                        text11       0019C2
_main                                text0        00168E
_motor_control                       text2        001656
_motors_brake_all                    text3        001822
_openLVD                             text29       0018F6
_openPORTA                           text28       0019B6
_openPORTB                           text27       0019B0
_openPORTCforPWM                     text26       00197A
_openPORTCforUSART                   text25       0019AA
_openPORTD                           text46       0019BC
_openPORTE                           text24       0019A4
_printf                              text44       0016EE
_putch                               text45       0019CA
_reset_codes                         text14       001568
_set_leds                            text1        001348
_set_motor_speed                     text10       001080
_set_osc_32MHz                       text13       001718
_spin_left                           text9        0017D8
_spin_right                          text8        0017B2
_straight_fwd                        text7        00178C
_threshold                           bssCOMRAM    00001E
_turn_left                           text6        001766
_turn_right                          text5        001740
adc@channel                          cstackCOMRAM 000013
end_of_initialization                cinit        001966
gtrap@count                          cstackCOMRAM 00000F
int_func                             intcode_body 0013C6
intlevel0                            text         000000
intlevel1                            text         000000
intlevel2                            text         000000
intlevel3                            text         000000
printf@ap                            cstackCOMRAM 000011
printf@c                             cstackCOMRAM 000013
printf@f                             cstackCOMRAM 00000F
set_motor_speed@dir_modifier         cstackCOMRAM 00001B
set_motor_speed@duty_cycle           cstackCOMRAM 00001C
set_motor_speed@motor_speed          cstackCOMRAM 000015
set_motor_speed@motor_speeds         smallconst   001001
set_motor_speed@speed_modifier       cstackCOMRAM 000016
set_motor_speed@the_motor            cstackCOMRAM 00001A
set_osc_32MHz@i                      cstackCOMRAM 00000F
stackhi                              (abs)        0009FF
stacklo                              (abs)        000080
start                                init         000018
start_initialization                 cinit        00195E


FUNCTION INFORMATION:

 *************** function _main *****************
 Defined at:
		line 9 in file "../main.c"
 Parameters:    Size  Location     Type
		None
 Auto vars:     Size  Location     Type
		None
 Return value:  Size  Location     Type
		None               void
 Registers used:
		wreg, status,2, status,0, tblptrl, tblptrh, tblptru, prodl, prodh, cstack
 Tracked objects:
		On entry : 
		On exit  : 
		Unchanged: 
 Data sizes:     COMRAM   BANK0   BANK1   BANK2   BANK3   BANK4   BANK5   BANK6   BANK7   BANK8   BANK9  BANK10  BANK11  BANK12  BANK13  BANK14  BANK15
      Params:         0       0       0       0       0       0       0       0       0       0       0       0       0       0       0       0       0
      Locals:         0       0       0       0       0       0       0       0       0       0       0       0       0       0       0       0       0
      Temps:          0       0       0       0       0       0       0       0       0       0       0       0       0       0       0       0       0
      Totals:         0       0       0       0       0       0       0       0       0       0       0       0       0       0       0       0       0
Total ram usage:        0 bytes
 Hardware stack levels required when called:    6
 This function calls:
		_LVtrap
		_check_sensors
		_initialization
		_lvd_flag_set
		_motor_control
		_printf
		_set_leds
 This function is called by:
		Startup code after reset
 This function uses a non-reentrant model


 *************** function _set_leds *****************
 Defined at:
		line 255 in file "../sumovore.c"
 Parameters:    Size  Location     Type
		None
 Auto vars:     Size  Location     Type
		None
 Return value:  Size  Location     Type
		None               void
 Registers used:
		wreg, status,2, status,0
 Tracked objects:
		On entry : 
		On exit  : 
		Unchanged: 
 Data sizes:     COMRAM   BANK0   BANK1   BANK2   BANK3   BANK4   BANK5   BANK6   BANK7   BANK8   BANK9  BANK10  BANK11  BANK12  BANK13  BANK14  BANK15
      Params:         0       0       0       0       0       0       0       0       0       0       0       0       0       0       0       0       0
      Locals:         0       0       0       0       0       0       0       0       0       0       0       0       0       0       0       0       0
      Temps:          1       0       0       0       0       0       0       0       0       0       0       0       0       0       0       0       0
      Totals:         1       0       0       0       0       0       0       0       0       0       0       0       0       0       0       0       0
Total ram usage:        1 bytes
 Hardware stack levels used:    1
 Hardware stack levels required when called:    1
 This function calls:
		Nothing
 This function is called by:
		_main
 This function uses a non-reentrant model


 *************** function _motor_control *****************
 Defined at:
		line 11 in file "../motor_control.c"
 Parameters:    Size  Location     Type
		None
 Auto vars:     Size  Location     Type
		None
 Return value:  Size  Location     Type
		None               void
 Registers used:
		wreg, status,2, status,0, tblptrl, tblptrh, tblptru, prodl, prodh, cstack
 Tracked objects:
		On entry : 
		On exit  : 
		Unchanged: 
 Data sizes:     COMRAM   BANK0   BANK1   BANK2   BANK3   BANK4   BANK5   BANK6   BANK7   BANK8   BANK9  BANK10  BANK11  BANK12  BANK13  BANK14  BANK15
      Params:         0       0       0       0       0       0       0       0       0       0       0       0       0       0       0       0       0
      Locals:         0       0       0       0       0       0       0       0       0       0       0       0       0       0       0       0       0
      Temps:          0       0       0       0       0       0       0       0       0       0       0       0       0       0       0       0       0
      Totals:         0       0       0       0       0       0       0       0       0       0       0       0       0       0       0       0       0
Total ram usage:        0 bytes
 Hardware stack levels used:    1
 Hardware stack levels required when called:    5
 This function calls:
		_follow_simple_curves
		_motors_brake_all
 This function is called by:
		_main
 This function uses a non-reentrant model


 *************** function _motors_brake_all *****************
 Defined at:
		line 218 in file "../sumovore.c"
 Parameters:    Size  Location     Type
		None
 Auto vars:     Size  Location     Type
		None
 Return value:  Size  Location     Type
		None               void
 Registers used:
		wreg, status,2, status,0, cstack
 Tracked objects:
		On entry : 
		On exit  : 
		Unchanged: 
 Data sizes:     COMRAM   BANK0   BANK1   BANK2   BANK3   BANK4   BANK5   BANK6   BANK7   BANK8   BANK9  BANK10  BANK11  BANK12  BANK13  BANK14  BANK15
      Params:         0       0       0       0       0       0       0       0       0       0       0       0       0       0       0       0       0
      Locals:         0       0       0       0       0       0       0       0       0       0       0       0       0       0       0       0       0
      Temps:          0       0       0       0       0       0       0       0       0       0       0       0       0       0       0       0       0
      Totals:         0       0       0       0       0       0       0       0       0       0       0       0       0       0       0       0       0
Total ram usage:        0 bytes
 Hardware stack levels used:    1
 Hardware stack levels required when called:    2
 This function calls:
		_SetDCPWM1
		_SetDCPWM2
 This function is called by:
		_motor_control
 This function uses a non-reentrant model


 *************** function _follow_simple_curves *****************
 Defined at:
		line 31 in file "../motor_control.c"
 Parameters:    Size  Location     Type
		None
 Auto vars:     Size  Location     Type
		None
 Return value:  Size  Location     Type
		None               void
 Registers used:
		wreg, status,2, status,0, tblptrl, tblptrh, tblptru, prodl, prodh, cstack
 Tracked objects:
		On entry : 
		On exit  : 
		Unchanged: 
 Data sizes:     COMRAM   BANK0   BANK1   BANK2   BANK3   BANK4   BANK5   BANK6   BANK7   BANK8   BANK9  BANK10  BANK11  BANK12  BANK13  BANK14  BANK15
      Params:         0       0       0       0       0       0       0       0       0       0       0       0       0       0       0       0       0
      Locals:         0       0       0       0       0       0       0       0       0       0       0       0       0       0       0       0       0
      Temps:          0       0       0       0       0       0       0       0       0       0       0       0       0       0       0       0       0
      Totals:         0       0       0       0       0       0       0       0       0       0       0       0       0       0       0       0       0
Total ram usage:        0 bytes
 Hardware stack levels used:    1
 Hardware stack levels required when called:    4
 This function calls:
		_spin_left
		_spin_right
		_straight_fwd
		_turn_left
		_turn_right
 This function is called by:
		_motor_control
 This function uses a non-reentrant model


 *************** function _turn_right *****************
 Defined at:
		line 61 in file "../motor_control.c"
 Parameters:    Size  Location     Type
		None
 Auto vars:     Size  Location     Type
		None
 Return value:  Size  Location     Type
		None               void
 Registers used:
		wreg, status,2, status,0, tblptrl, tblptrh, tblptru, prodl, prodh, cstack
 Tracked objects:
		On entry : 
		On exit  : 
		Unchanged: 
 Data sizes:     COMRAM   BANK0   BANK1   BANK2   BANK3   BANK4   BANK5   BANK6   BANK7   BANK8   BANK9  BANK10  BANK11  BANK12  BANK13  BANK14  BANK15
      Params:         0       0       0       0       0       0       0       0       0       0       0       0       0       0       0       0       0
      Locals:         0       0       0       0       0       0       0       0       0       0       0       0       0       0       0       0       0
      Temps:          0       0       0       0       0       0       0       0       0       0       0       0       0       0       0       0       0
      Totals:         0       0       0       0       0       0       0       0       0       0       0       0       0       0       0       0       0
Total ram usage:        0 bytes
 Hardware stack levels used:    1
 Hardware stack levels required when called:    3
 This function calls:
		_set_motor_speed
 This function is called by:
		_follow_simple_curves
 This function uses a non-reentrant model


 *************** function _turn_left *****************
 Defined at:
		line 46 in file "../motor_control.c"
 Parameters:    Size  Location     Type
		None
 Auto vars:     Size  Location     Type
		None
 Return value:  Size  Location     Type
		None               void
 Registers used:
		wreg, status,2, status,0, tblptrl, tblptrh, tblptru, prodl, prodh, cstack
 Tracked objects:
		On entry : 
		On exit  : 
		Unchanged: 
 Data sizes:     COMRAM   BANK0   BANK1   BANK2   BANK3   BANK4   BANK5   BANK6   BANK7   BANK8   BANK9  BANK10  BANK11  BANK12  BANK13  BANK14  BANK15
      Params:         0       0       0       0       0       0       0       0       0       0       0       0       0       0       0       0       0
      Locals:         0       0       0       0       0       0       0       0       0       0       0       0       0       0       0       0       0
      Temps:          0       0       0       0       0       0       0       0       0       0       0       0       0       0       0       0       0
      Totals:         0       0       0       0       0       0       0       0       0       0       0       0       0       0       0       0       0
Total ram usage:        0 bytes
 Hardware stack levels used:    1
 Hardware stack levels required when called:    3
 This function calls:
		_set_motor_speed
 This function is called by:
		_follow_simple_curves
 This function uses a non-reentrant model


 *************** function _straight_fwd *****************
 Defined at:
		line 51 in file "../motor_control.c"
 Parameters:    Size  Location     Type
		None
 Auto vars:     Size  Location     Type
		None
 Return value:  Size  Location     Type
		None               void
 Registers used:
		wreg, status,2, status,0, tblptrl, tblptrh, tblptru, prodl, prodh, cstack
 Tracked objects:
		On entry : 
		On exit  : 
		Unchanged: 
 Data sizes:     COMRAM   BANK0   BANK1   BANK2   BANK3   BANK4   BANK5   BANK6   BANK7   BANK8   BANK9  BANK10  BANK11  BANK12  BANK13  BANK14  BANK15
      Params:         0       0       0       0       0       0       0       0       0       0       0       0       0       0       0       0       0
      Locals:         0       0       0       0       0       0       0       0       0       0       0       0       0       0       0       0       0
      Temps:          0       0       0       0       0       0       0       0       0       0       0       0       0       0       0       0       0
      Totals:         0       0       0       0       0       0       0       0       0       0       0       0       0       0       0       0       0
Total ram usage:        0 bytes
 Hardware stack levels used:    1
 Hardware stack levels required when called:    3
 This function calls:
		_set_motor_speed
 This function is called by:
		_follow_simple_curves
 This function uses a non-reentrant model


 *************** function _spin_right *****************
 Defined at:
		line 56 in file "../motor_control.c"
 Parameters:    Size  Location     Type
		None
 Auto vars:     Size  Location     Type
		None
 Return value:  Size  Location     Type
		None               void
 Registers used:
		wreg, status,2, status,0, tblptrl, tblptrh, tblptru, prodl, prodh, cstack
 Tracked objects:
		On entry : 
		On exit  : 
		Unchanged: 
 Data sizes:     COMRAM   BANK0   BANK1   BANK2   BANK3   BANK4   BANK5   BANK6   BANK7   BANK8   BANK9  BANK10  BANK11  BANK12  BANK13  BANK14  BANK15
      Params:         0       0       0       0       0       0       0       0       0       0       0       0       0       0       0       0       0
      Locals:         0       0       0       0       0       0       0       0       0       0       0       0       0       0       0       0       0
      Temps:          0       0       0       0       0       0       0       0       0       0       0       0       0       0       0       0       0
      Totals:         0       0       0       0       0       0       0       0       0       0       0       0       0       0       0       0       0
Total ram usage:        0 bytes
 Hardware stack levels used:    1
 Hardware stack levels required when called:    3
 This function calls:
		_set_motor_speed
 This function is called by:
		_follow_simple_curves
 This function uses a non-reentrant model


 *************** function _spin_left *****************
 Defined at:
		line 40 in file "../motor_control.c"
 Parameters:    Size  Location     Type
		None
 Auto vars:     Size  Location     Type
		None
 Return value:  Size  Location     Type
		None               void
 Registers used:
		wreg, status,2, status,0, tblptrl, tblptrh, tblptru, prodl, prodh, cstack
 Tracked objects:
		On entry : 
		On exit  : 
		Unchanged: 
 Data sizes:     COMRAM   BANK0   BANK1   BANK2   BANK3   BANK4   BANK5   BANK6   BANK7   BANK8   BANK9  BANK10  BANK11  BANK12  BANK13  BANK14  BANK15
      Params:         0       0       0       0       0       0       0       0       0       0       0       0       0       0       0       0       0
      Locals:         0       0       0       0       0       0       0       0       0       0       0       0       0       0       0       0       0
      Temps:          0       0       0       0       0       0       0       0       0       0       0       0       0       0       0       0       0
      Totals:         0       0       0       0       0       0       0       0       0       0       0       0       0       0       0       0       0
Total ram usage:        0 bytes
 Hardware stack levels used:    1
 Hardware stack levels required when called:    3
 This function calls:
		_set_motor_speed
 This function is called by:
		_follow_simple_curves
 This function uses a non-reentrant model


 *************** function _set_motor_speed *****************
 Defined at:
		line 188 in file "../sumovore.c"
 Parameters:    Size  Location     Type
  the_motor       1    wreg     enum E4111
  motor_speed     1   20[COMRAM] enum E4103
  speed_modifi    2   21[COMRAM] int 
 Auto vars:     Size  Location     Type
  the_motor       1   25[COMRAM] enum E4111
  duty_cycle      2   27[COMRAM] int 
  dir_modifier    1   26[COMRAM] enum E4167
 Return value:  Size  Location     Type
		None               void
 Registers used:
		wreg, status,2, status,0, tblptrl, tblptrh, tblptru, prodl, prodh, cstack
 Tracked objects:
		On entry : 
		On exit  : 
		Unchanged: 
 Data sizes:     COMRAM   BANK0   BANK1   BANK2   BANK3   BANK4   BANK5   BANK6   BANK7   BANK8   BANK9  BANK10  BANK11  BANK12  BANK13  BANK14  BANK15
      Params:         3       0       0       0       0       0       0       0       0       0       0       0       0       0       0       0       0
      Locals:         4       0       0       0       0       0       0       0       0       0       0       0       0       0       0       0       0
      Temps:          2       0       0       0       0       0       0       0       0       0       0       0       0       0       0       0       0
      Totals:         9       0       0       0       0       0       0       0       0       0       0       0       0       0       0       0       0
Total ram usage:        9 bytes
 Hardware stack levels used:    1
 Hardware stack levels required when called:    2
 This function calls:
		_SetDCPWM1
		_SetDCPWM2
 This function is called by:
		_spin_left
		_turn_left
		_straight_fwd
		_spin_right
		_turn_right
 This function uses a non-reentrant model


 *************** function _lvd_flag_set *****************
 Defined at:
		line 47 in file "../interrupts.c"
 Parameters:    Size  Location     Type
		None
 Auto vars:     Size  Location     Type
		None
 Return value:  Size  Location     Type
                  1    wreg      unsigned char 
 Registers used:
		wreg, status,2
 Tracked objects:
		On entry : 
		On exit  : 
		Unchanged: 
 Data sizes:     COMRAM   BANK0   BANK1   BANK2   BANK3   BANK4   BANK5   BANK6   BANK7   BANK8   BANK9  BANK10  BANK11  BANK12  BANK13  BANK14  BANK15
      Params:         0       0       0       0       0       0       0       0       0       0       0       0       0       0       0       0       0
      Locals:         0       0       0       0       0       0       0       0       0       0       0       0       0       0       0       0       0
      Temps:          0       0       0       0       0       0       0       0       0       0       0       0       0       0       0       0       0
      Totals:         0       0       0       0       0       0       0       0       0       0       0       0       0       0       0       0       0
Total ram usage:        0 bytes
 Hardware stack levels used:    1
 Hardware stack levels required when called:    1
 This function calls:
		Nothing
 This function is called by:
		_main
 This function uses a non-reentrant model


 *************** function _initialization *****************
 Defined at:
		line 65 in file "../sumovore.c"
 Parameters:    Size  Location     Type
		None
 Auto vars:     Size  Location     Type
		None
 Return value:  Size  Location     Type
		None               void
 Registers used:
		wreg, status,2, status,0, tblptrl, tblptrh, tblptru, cstack
 Tracked objects:
		On entry : 
		On exit  : 
		Unchanged: 
 Data sizes:     COMRAM   BANK0   BANK1   BANK2   BANK3   BANK4   BANK5   BANK6   BANK7   BANK8   BANK9  BANK10  BANK11  BANK12  BANK13  BANK14  BANK15
      Params:         0       0       0       0       0       0       0       0       0       0       0       0       0       0       0       0       0
      Locals:         0       0       0       0       0       0       0       0       0       0       0       0       0       0       0       0       0
      Temps:          0       0       0       0       0       0       0       0       0       0       0       0       0       0       0       0       0
      Totals:         0       0       0       0       0       0       0       0       0       0       0       0       0       0       0       0       0
Total ram usage:        0 bytes
 Hardware stack levels used:    1
 Hardware stack levels required when called:    5
 This function calls:
		_OpenADC
		_OpenPWM1
		_OpenPWM2
		_OpenTimer2
		_OpenUSART
		_SetDCPWM1
		_SetDCPWM2
		_openLVD
		_openPORTA
		_openPORTB
		_openPORTCforPWM
		_openPORTCforUSART
		_openPORTD
		_openPORTE
		_reset_codes
		_set_osc_32MHz
 This function is called by:
		_main
 This function uses a non-reentrant model


 *************** function _set_osc_32MHz *****************
 Defined at:
		line 18 in file "../../Common/osc.c"
 Parameters:    Size  Location     Type
		None
 Auto vars:     Size  Location     Type
  i               2   14[COMRAM] int 
 Return value:  Size  Location     Type
		None               void
 Registers used:
		wreg, status,2, status,0
 Tracked objects:
		On entry : 
		On exit  : 
		Unchanged: 
 Data sizes:     COMRAM   BANK0   BANK1   BANK2   BANK3   BANK4   BANK5   BANK6   BANK7   BANK8   BANK9  BANK10  BANK11  BANK12  BANK13  BANK14  BANK15
      Params:         0       0       0       0       0       0       0       0       0       0       0       0       0       0       0       0       0
      Locals:         2       0       0       0       0       0       0       0       0       0       0       0       0       0       0       0       0
      Temps:          0       0       0       0       0       0       0       0       0       0       0       0       0       0       0       0       0
      Totals:         2       0       0       0       0       0       0       0       0       0       0       0       0       0       0       0       0
Total ram usage:        2 bytes
 Hardware stack levels used:    1
 Hardware stack levels required when called:    1
 This function calls:
		Nothing
 This function is called by:
		_initialization
 This function uses a non-reentrant model


 *************** function _reset_codes *****************
 Defined at:
		line 281 in file "../sumovore.c"
 Parameters:    Size  Location     Type
		None
 Auto vars:     Size  Location     Type
		None
 Return value:  Size  Location     Type
		None               void
 Registers used:
		wreg, status,2, status,0, tblptrl, tblptrh, tblptru, cstack
 Tracked objects:
		On entry : 
		On exit  : 
		Unchanged: 
 Data sizes:     COMRAM   BANK0   BANK1   BANK2   BANK3   BANK4   BANK5   BANK6   BANK7   BANK8   BANK9  BANK10  BANK11  BANK12  BANK13  BANK14  BANK15
      Params:         0       0       0       0       0       0       0       0       0       0       0       0       0       0       0       0       0
      Locals:         0       0       0       0       0       0       0       0       0       0       0       0       0       0       0       0       0
      Temps:          0       0       0       0       0       0       0       0       0       0       0       0       0       0       0       0       0
      Totals:         0       0       0       0       0       0       0       0       0       0       0       0       0       0       0       0       0
Total ram usage:        0 bytes
 Hardware stack levels used:    1
 Hardware stack levels required when called:    4
 This function calls:
		_BORtask
		_PORtask
		_RESETtask
		_STKFULtask
		_WDTtask
		_isBOR
		_isPOR
		_isWDTTO
 This function is called by:
		_initialization
 This function uses a non-reentrant model


 *************** function _isWDTTO *****************
 Defined at:
		line 15 in file "C:\Program Files (x86)\Microchip\xc8\v1.33\sources\pic18\plib\reset\iswdtto.c"
 Parameters:    Size  Location     Type
		None
 Auto vars:     Size  Location     Type
		None
 Return value:  Size  Location     Type
                  1    wreg      unsigned char 
 Registers used:
		wreg
 Tracked objects:
		On entry : 
		On exit  : 
		Unchanged: 
 Data sizes:     COMRAM   BANK0   BANK1   BANK2   BANK3   BANK4   BANK5   BANK6   BANK7   BANK8   BANK9  BANK10  BANK11  BANK12  BANK13  BANK14  BANK15
      Params:         0       0       0       0       0       0       0       0       0       0       0       0       0       0       0       0       0
      Locals:         0       0       0       0       0       0       0       0       0       0       0       0       0       0       0       0       0
      Temps:          0       0       0       0       0       0       0       0       0       0       0       0       0       0       0       0       0
      Totals:         0       0       0       0       0       0       0       0       0       0       0       0       0       0       0       0       0
Total ram usage:        0 bytes
 Hardware stack levels used:    1
 Hardware stack levels required when called:    1
 This function calls:
		Nothing
 This function is called by:
		_reset_codes
 This function uses a non-reentrant model


 *************** function _isPOR *****************
 Defined at:
		line 10 in file "C:\Program Files (x86)\Microchip\xc8\v1.33\sources\pic18\plib\reset\ispor.c"
 Parameters:    Size  Location     Type
		None
 Auto vars:     Size  Location     Type
		None
 Return value:  Size  Location     Type
                  1    wreg      unsigned char 
 Registers used:
		wreg
 Tracked objects:
		On entry : 
		On exit  : 
		Unchanged: 
 Data sizes:     COMRAM   BANK0   BANK1   BANK2   BANK3   BANK4   BANK5   BANK6   BANK7   BANK8   BANK9  BANK10  BANK11  BANK12  BANK13  BANK14  BANK15
      Params:         0       0       0       0       0       0       0       0       0       0       0       0       0       0       0       0       0
      Locals:         0       0       0       0       0       0       0       0       0       0       0       0       0       0       0       0       0
      Temps:          0       0       0       0       0       0       0       0       0       0       0       0       0       0       0       0       0
      Totals:         0       0       0       0       0       0       0       0       0       0       0       0       0       0       0       0       0
Total ram usage:        0 bytes
 Hardware stack levels used:    1
 Hardware stack levels required when called:    1
 This function calls:
		Nothing
 This function is called by:
		_reset_codes
 This function uses a non-reentrant model


 *************** function _isBOR *****************
 Defined at:
		line 12 in file "C:\Program Files (x86)\Microchip\xc8\v1.33\sources\pic18\plib\reset\isbor.c"
 Parameters:    Size  Location     Type
		None
 Auto vars:     Size  Location     Type
		None
 Return value:  Size  Location     Type
                  1    wreg      unsigned char 
 Registers used:
		wreg
 Tracked objects:
		On entry : 
		On exit  : 
		Unchanged: 
 Data sizes:     COMRAM   BANK0   BANK1   BANK2   BANK3   BANK4   BANK5   BANK6   BANK7   BANK8   BANK9  BANK10  BANK11  BANK12  BANK13  BANK14  BANK15
      Params:         0       0       0       0       0       0       0       0       0       0       0       0       0       0       0       0       0
      Locals:         0       0       0       0       0       0       0       0       0       0       0       0       0       0       0       0       0
      Temps:          0       0       0       0       0       0       0       0       0       0       0       0       0       0       0       0       0
      Totals:         0       0       0       0       0       0       0       0       0       0       0       0       0       0       0       0       0
Total ram usage:        0 bytes
 Hardware stack levels used:    1
 Hardware stack levels required when called:    1
 This function calls:
		Nothing
 This function is called by:
		_reset_codes
 This function uses a non-reentrant model


 *************** function _WDTtask *****************
 Defined at:
		line 369 in file "../sumovore.c"
 Parameters:    Size  Location     Type
		None
 Auto vars:     Size  Location     Type
		None
 Return value:  Size  Location     Type
		None               void
 Registers used:
		wreg, status,2, status,0, tblptrl, tblptrh, tblptru, cstack
 Tracked objects:
		On entry : 
		On exit  : 
		Unchanged: 
 Data sizes:     COMRAM   BANK0   BANK1   BANK2   BANK3   BANK4   BANK5   BANK6   BANK7   BANK8   BANK9  BANK10  BANK11  BANK12  BANK13  BANK14  BANK15
      Params:         0       0       0       0       0       0       0       0       0       0       0       0       0       0       0       0       0
      Locals:         0       0       0       0       0       0       0       0       0       0       0       0       0       0       0       0       0
      Temps:          0       0       0       0       0       0       0       0       0       0       0       0       0       0       0       0       0
      Totals:         0       0       0       0       0       0       0       0       0       0       0       0       0       0       0       0       0
Total ram usage:        0 bytes
 Hardware stack levels used:    1
 Hardware stack levels required when called:    3
 This function calls:
		_gtrap
		_printf
 This function is called by:
		_reset_codes
 This function uses a non-reentrant model


 *************** function _STKFULtask *****************
 Defined at:
		line 388 in file "../sumovore.c"
 Parameters:    Size  Location     Type
		None
 Auto vars:     Size  Location     Type
		None
 Return value:  Size  Location     Type
		None               void
 Registers used:
		wreg, status,2, status,0, tblptrl, tblptrh, tblptru, cstack
 Tracked objects:
		On entry : 
		On exit  : 
		Unchanged: 
 Data sizes:     COMRAM   BANK0   BANK1   BANK2   BANK3   BANK4   BANK5   BANK6   BANK7   BANK8   BANK9  BANK10  BANK11  BANK12  BANK13  BANK14  BANK15
      Params:         0       0       0       0       0       0       0       0       0       0       0       0       0       0       0       0       0
      Locals:         0       0       0       0       0       0       0       0       0       0       0       0       0       0       0       0       0
      Temps:          0       0       0       0       0       0       0       0       0       0       0       0       0       0       0       0       0
      Totals:         0       0       0       0       0       0       0       0       0       0       0       0       0       0       0       0       0
Total ram usage:        0 bytes
 Hardware stack levels used:    1
 Hardware stack levels required when called:    3
 This function calls:
		_gtrap
		_printf
 This function is called by:
		_reset_codes
 This function uses a non-reentrant model


 *************** function _RESETtask *****************
 Defined at:
		line 404 in file "../sumovore.c"
 Parameters:    Size  Location     Type
		None
 Auto vars:     Size  Location     Type
		None
 Return value:  Size  Location     Type
		None               void
 Registers used:
		wreg, status,2, status,0, tblptrl, tblptrh, tblptru, cstack
 Tracked objects:
		On entry : 
		On exit  : 
		Unchanged: 
 Data sizes:     COMRAM   BANK0   BANK1   BANK2   BANK3   BANK4   BANK5   BANK6   BANK7   BANK8   BANK9  BANK10  BANK11  BANK12  BANK13  BANK14  BANK15
      Params:         0       0       0       0       0       0       0       0       0       0       0       0       0       0       0       0       0
      Locals:         0       0       0       0       0       0       0       0       0       0       0       0       0       0       0       0       0
      Temps:          0       0       0       0       0       0       0       0       0       0       0       0       0       0       0       0       0
      Totals:         0       0       0       0       0       0       0       0       0       0       0       0       0       0       0       0       0
Total ram usage:        0 bytes
 Hardware stack levels used:    1
 Hardware stack levels required when called:    3
 This function calls:
		_gtrap
		_printf
 This function is called by:
		_reset_codes
 This function uses a non-reentrant model


 *************** function _PORtask *****************
 Defined at:
		line 306 in file "../sumovore.c"
 Parameters:    Size  Location     Type
		None
 Auto vars:     Size  Location     Type
  count2          4   23[COMRAM] unsigned long 
  count1          4   19[COMRAM] unsigned long 
 Return value:  Size  Location     Type
		None               void
 Registers used:
		wreg, status,2, status,0, tblptrl, tblptrh, tblptru, cstack
 Tracked objects:
		On entry : 
		On exit  : 
		Unchanged: 
 Data sizes:     COMRAM   BANK0   BANK1   BANK2   BANK3   BANK4   BANK5   BANK6   BANK7   BANK8   BANK9  BANK10  BANK11  BANK12  BANK13  BANK14  BANK15
      Params:         0       0       0       0       0       0       0       0       0       0       0       0       0       0       0       0       0
      Locals:         8       0       0       0       0       0       0       0       0       0       0       0       0       0       0       0       0
      Temps:          0       0       0       0       0       0       0       0       0       0       0       0       0       0       0       0       0
      Totals:         8       0       0       0       0       0       0       0       0       0       0       0       0       0       0       0       0
Total ram usage:        8 bytes
 Hardware stack levels used:    1
[...]
      Temps:          1       0       0       0       0       0       0       0       0       0       0       0       0       0       0       0       0
      Totals:         2       0       0       0       0       0       0       0       0       0       0       0       0       0       0       0       0
Total ram usage:        2 bytes
 Hardware stack levels used:    1
 Hardware stack levels required when called:    1
 This function calls:
		Nothing
 This function is called by:
		_adc
 This function uses a non-reentrant model


 *************** function _ReadADC *****************
 Defined at:
		line 24 in file "C:\Program Files (x86)\Microchip\xc8\v1.33\sources\pic18\plib\ADC\adcread.c"
 Parameters:    Size  Location     Type
		None
 Auto vars:     Size  Location     Type
		None
 Return value:  Size  Location     Type
                  2   14[COMRAM] int 
 Registers used:
		wreg, status,2
 Tracked objects:
		On entry : 
		On exit  : 
		Unchanged: 
 Data sizes:     COMRAM   BANK0   BANK1   BANK2   BANK3   BANK4   BANK5   BANK6   BANK7   BANK8   BANK9  BANK10  BANK11  BANK12  BANK13  BANK14  BANK15
      Params:         2       0       0       0       0       0       0       0       0       0       0       0       0       0       0       0       0
      Locals:         0       0       0       0       0       0       0       0       0       0       0       0       0       0       0       0       0
      Temps:          0       0       0       0       0       0       0       0       0       0       0       0       0       0       0       0       0
      Totals:         2       0       0       0       0       0       0       0       0       0       0       0       0       0       0       0       0
Total ram usage:        2 bytes
 Hardware stack levels used:    1
 Hardware stack levels required when called:    1
 This function calls:
		Nothing
 This function is called by:
		_adc
 This function uses a non-reentrant model


 *************** function _ConvertADC *****************
 Defined at:
		line 22 in file "C:\Program Files (x86)\Microchip\xc8\v1.33\sources\pic18\plib\ADC\adcconv.c"
 Parameters:    Size  Location     Type
		None
 Auto vars:     Size  Location     Type
		None
 Return value:  Size  Location     Type
		None               void
 Registers used:
		None
 Tracked objects:
		On entry : 
		On exit  : 
		Unchanged: 
 Data sizes:     COMRAM   BANK0   BANK1   BANK2   BANK3   BANK4   BANK5   BANK6   BANK7   BANK8   BANK9  BANK10  BANK11  BANK12  BANK13  BANK14  BANK15
      Params:         0       0       0       0       0       0       0       0       0       0       0       0       0       0       0       0       0
      Locals:         0       0       0       0       0       0       0       0       0       0       0       0       0       0       0       0       0
      Temps:          0       0       0       0       0       0       0       0       0       0       0       0       0       0       0       0       0
      Totals:         0       0       0       0       0       0       0       0       0       0       0       0       0       0       0       0       0
Total ram usage:        0 bytes
 Hardware stack levels used:    1
 Hardware stack levels required when called:    1
 This function calls:
		Nothing
 This function is called by:
		_adc
 This function uses a non-reentrant model


 *************** function _BusyADC *****************
 Defined at:
		line 26 in file "C:\Program Files (x86)\Microchip\xc8\v1.33\sources\pic18\plib\ADC\adcbusy.c"
 Parameters:    Size  Location     Type
		None
 Auto vars:     Size  Location     Type
		None
 Return value:  Size  Location     Type
                  1    wreg      unsigned char 
 Registers used:
		wreg
 Tracked objects:
		On entry : 
		On exit  : 
		Unchanged: 
 Data sizes:     COMRAM   BANK0   BANK1   BANK2   BANK3   BANK4   BANK5   BANK6   BANK7   BANK8   BANK9  BANK10  BANK11  BANK12  BANK13  BANK14  BANK15
      Params:         0       0       0       0       0       0       0       0       0       0       0       0       0       0       0       0       0
      Locals:         0       0       0       0       0       0       0       0       0       0       0       0       0       0       0       0       0
      Temps:          0       0       0       0       0       0       0       0       0       0       0       0       0       0       0       0       0
      Totals:         0       0       0       0       0       0       0       0       0       0       0       0       0       0       0       0       0
Total ram usage:        0 bytes
 Hardware stack levels used:    1
 Hardware stack levels required when called:    1
 This function calls:
		Nothing
 This function is called by:
		_adc
 This function uses a non-reentrant model


 *************** function _LVtrap *****************
 Defined at:
		line 448 in file "../sumovore.c"
 Parameters:    Size  Location     Type
		None
 Auto vars:     Size  Location     Type
		None
 Return value:  Size  Location     Type
		None               void
 Registers used:
		wreg, status,2, status,0, tblptrl, tblptrh, tblptru, cstack
 Tracked objects:
		On entry : 
		On exit  : 
		Unchanged: 
 Data sizes:     COMRAM   BANK0   BANK1   BANK2   BANK3   BANK4   BANK5   BANK6   BANK7   BANK8   BANK9  BANK10  BANK11  BANK12  BANK13  BANK14  BANK15
      Params:         0       0       0       0       0       0       0       0       0       0       0       0       0       0       0       0       0
      Locals:         0       0       0       0       0       0       0       0       0       0       0       0       0       0       0       0       0
      Temps:          0       0       0       0       0       0       0       0       0       0       0       0       0       0       0       0       0
      Totals:         0       0       0       0       0       0       0       0       0       0       0       0       0       0       0       0       0
Total ram usage:        0 bytes
 Hardware stack levels used:    1
 Hardware stack levels required when called:    3
 This function calls:
		_gtrap
		_openPORTD
		_printf
 This function is called by:
		_main
 This function uses a non-reentrant model


 *************** function _printf *****************
 Defined at:
		line 464 in file "C:\Program Files (x86)\Microchip\xc8\v1.33\sources\common\doprnt.c"
 Parameters:    Size  Location     Type
  f               2   14[COMRAM] PTR const unsigned char 
		 -> STR_7(7), STR_6(10), STR_5(9), STR_4(9), 
		 -> STR_3(6), STR_2(6), STR_1(64), 
 Auto vars:     Size  Location     Type
  _val            5    0        struct .
  ap              2   16[COMRAM] PTR void [1]
		 -> ?_printf(2), 
  c               1   18[COMRAM] char 
  flag            1    0        unsigned char 
  prec            1    0        char 
 Return value:  Size  Location     Type
                  2   14[COMRAM] int 
 Registers used:
		wreg, status,2, status,0, tblptrl, tblptrh, tblptru, cstack
 Tracked objects:
		On entry : 
		On exit  : 
		Unchanged: 
 Data sizes:     COMRAM   BANK0   BANK1   BANK2   BANK3   BANK4   BANK5   BANK6   BANK7   BANK8   BANK9  BANK10  BANK11  BANK12  BANK13  BANK14  BANK15
      Params:         2       0       0       0       0       0       0       0       0       0       0       0       0       0       0       0       0
      Locals:         3       0       0       0       0       0       0       0       0       0       0       0       0       0       0       0       0
      Temps:          0       0       0       0       0       0       0       0       0       0       0       0       0       0       0       0       0
      Totals:         5       0       0       0       0       0       0       0       0       0       0       0       0       0       0       0       0
Total ram usage:        5 bytes
 Hardware stack levels used:    1
 Hardware stack levels required when called:    2
 This function calls:
		_putch
 This function is called by:
		_main
		_PORtask
		_BORtask
		_WDTtask
		_STKFULtask
		_RESETtask
		_LVtrap
 This function uses a non-reentrant model


 *************** function _putch *****************
 Defined at:
		line 7 in file "C:\Program Files (x86)\Microchip\xc8\v1.33\sources\common\putch.c"
 Parameters:    Size  Location     Type
  c               1    wreg     unsigned char 
 Auto vars:     Size  Location     Type
  c               1    0[COMRAM] unsigned char 
 Return value:  Size  Location     Type
		None               void
 Registers used:
		wreg
 Tracked objects:
		On entry : 
		On exit  : 
		Unchanged: 
 Data sizes:     COMRAM   BANK0   BANK1   BANK2   BANK3   BANK4   BANK5   BANK6   BANK7   BANK8   BANK9  BANK10  BANK11  BANK12  BANK13  BANK14  BANK15
      Params:         0       0       0       0       0       0       0       0       0       0       0       0       0       0       0       0       0
      Locals:         0       0       0       0       0       0       0       0       0       0       0       0       0       0       0       0       0
      Temps:          0       0       0       0       0       0       0       0       0       0       0       0       0       0       0       0       0
      Totals:         0       0       0       0       0       0       0       0       0       0       0       0       0       0       0       0       0
Total ram usage:        0 bytes
 Hardware stack levels used:    1
 Hardware stack levels required when called:    1
 This function calls:
		Nothing
 This function is called by:
		_printf
 This function uses a non-reentrant model


 *************** function _openPORTD *****************
 Defined at:
		line 168 in file "../sumovore.c"
 Parameters:    Size  Location     Type
		None
 Auto vars:     Size  Location     Type
		None
 Return value:  Size  Location     Type
		None               void
 Registers used:
		wreg, status,2
 Tracked objects:
		On entry : 
		On exit  : 
		Unchanged: 
 Data sizes:     COMRAM   BANK0   BANK1   BANK2   BANK3   BANK4   BANK5   BANK6   BANK7   BANK8   BANK9  BANK10  BANK11  BANK12  BANK13  BANK14  BANK15
      Params:         0       0       0       0       0       0       0       0       0       0       0       0       0       0       0       0       0
      Locals:         0       0       0       0       0       0       0       0       0       0       0       0       0       0       0       0       0
      Temps:          0       0       0       0       0       0       0       0       0       0       0       0       0       0       0       0       0
      Totals:         0       0       0       0       0       0       0       0       0       0       0       0       0       0       0       0       0
Total ram usage:        0 bytes
 Hardware stack levels used:    1
 Hardware stack levels required when called:    1
 This function calls:
		Nothing
 This function is called by:
		_initialization
		_LVtrap
 This function uses a non-reentrant model


 *************** function _gtrap *****************
 Defined at:
		line 463 in file "../sumovore.c"
 Parameters:    Size  Location     Type
		None
 Auto vars:     Size  Location     Type
  count           4   14[COMRAM] unsigned long 
 Return value:  Size  Location     Type
		None               void
 Registers used:
		wreg, status,2, status,0
 Tracked objects:
		On entry : 
		On exit  : 
		Unchanged: 
 Data sizes:     COMRAM   BANK0   BANK1   BANK2   BANK3   BANK4   BANK5   BANK6   BANK7   BANK8   BANK9  BANK10  BANK11  BANK12  BANK13  BANK14  BANK15
      Params:         0       0       0       0       0       0       0       0       0       0       0       0       0       0       0       0       0
      Locals:         4       0       0       0       0       0       0       0       0       0       0       0       0       0       0       0       0
      Temps:          0       0       0       0       0       0       0       0       0       0       0       0       0       0       0       0       0
      Totals:         4       0       0       0       0       0       0       0       0       0       0       0       0       0       0       0       0
Total ram usage:        4 bytes
 Hardware stack levels used:    1
 Hardware stack levels required when called:    1
 This function calls:
		Nothing
 This function is called by:
		_BORtask
		_WDTtask
		_STKFULtask
		_RESETtask
		_LVtrap
 This function uses a non-reentrant model


 *************** function _high_isr *****************
 Defined at:
		line 24 in file "../interrupts.c"
 Parameters:    Size  Location     Type
		None
 Auto vars:     Size  Location     Type
		None
 Return value:  Size  Location     Type
		None               void
 Registers used:
		wreg, status,2
 Tracked objects:
		On entry : 
		On exit  : 
		Unchanged: 
 Data sizes:     COMRAM   BANK0   BANK1   BANK2   BANK3   BANK4   BANK5   BANK6   BANK7   BANK8   BANK9  BANK10  BANK11  BANK12  BANK13  BANK14  BANK15
      Params:         0       0       0       0       0       0       0       0       0       0       0       0       0       0       0       0       0
      Locals:         0       0       0       0       0       0       0       0       0       0       0       0       0       0       0       0       0
      Temps:         14       0       0       0       0       0       0       0       0       0       0       0       0       0       0       0       0
      Totals:        14       0       0       0       0       0       0       0       0       0       0       0       0       0       0       0       0
Total ram usage:       14 bytes
 Hardware stack levels used:    1
 This function calls:
		Nothing
 This function is called by:
		Interrupt level 2
 This function uses a non-reentrant model



MODULE INFORMATION

Module		Function		Class		Link	Load	Size
C:\Program Files (x86)\Microchip\xc8\v1.33\sources\pic18\plib\reset\isbor.c
		_isBOR         		CODE           	196C	0000	14

C:\Program Files (x86)\Microchip\xc8\v1.33\sources\pic18\plib\reset\isbor.c estimated size: 14

../main.c
		_main          		CODE           	168E	0000	48

../main.c estimated size: 48

../motor_control.c
		_follow_simple_		CODE           	16BE	0000	48
		_straight_fwd  		CODE           	178C	0000	38
		_turn_left     		CODE           	1766	0000	38
		_spin_right    		CODE           	17B2	0000	38
		_spin_left     		CODE           	17D8	0000	38
		_motor_control 		CODE           	1656	0000	56
		_turn_right    		CODE           	1740	0000	38

../motor_control.c estimated size: 294

C:\Program Files (x86)\Microchip\xc8\v1.33\sources\common\doprnt.c
		_printf        		CODE           	16EE	0000	42

C:\Program Files (x86)\Microchip\xc8\v1.33\sources\common\doprnt.c estimated size: 42

C:\Program Files (x86)\Microchip\xc8\v1.33\sources\common\putch.c
		_putch         		CODE           	19CA	0000	2

C:\Program Files (x86)\Microchip\xc8\v1.33\sources\common\putch.c estimated size: 2

C:\Program Files (x86)\Microchip\xc8\v1.33\sources\pic18\plib\ADC\adcbusy.c
		_BusyADC       		CODE           	1988	0000	12

C:\Program Files (x86)\Microchip\xc8\v1.33\sources\pic18\plib\ADC\adcbusy.c estimated size: 12

C:\Program Files (x86)\Microchip\xc8\v1.33\sources\pic18\plib\ADC\adcopen.c
		_OpenADC       		CODE           	14AC	0000	94

C:\Program Files (x86)\Microchip\xc8\v1.33\sources\pic18\plib\ADC\adcopen.c estimated size: 94

C:\Program Files (x86)\Microchip\xc8\v1.33\sources\pic18\plib\Timers\t2open.c
		_OpenTimer2    		CODE           	18DA	0000	28

C:\Program Files (x86)\Microchip\xc8\v1.33\sources\pic18\plib\Timers\t2open.c estimated size: 28

C:\Program Files (x86)\Microchip\xc8\v1.33\sources\pic18\plib\reset\statrst.c
		_StatusReset   		CODE           	199E	0000	6

C:\Program Files (x86)\Microchip\xc8\v1.33\sources\pic18\plib\reset\statrst.c estimated size: 6

C:\Program Files (x86)\Microchip\xc8\v1.33\sources\pic18\plib\USART\uopen.c
		_OpenUSART     		CODE           	1444	0000	104

C:\Program Files (x86)\Microchip\xc8\v1.33\sources\pic18\plib\USART\uopen.c estimated size: 104

C:\Program Files (x86)\Microchip\xc8\v1.33\sources\pic18\plib\PWM\pw2setdc.c
		_SetDCPWM2     		CODE           	15A8	0000	58

C:\Program Files (x86)\Microchip\xc8\v1.33\sources\pic18\plib\PWM\pw2setdc.c estimated size: 58

../interrupts.c
		_high_isr      		CODE           	0008	0000	5180
		_lvd_flag_set  		CODE           	19C2	0000	4

../interrupts.c estimated size: 5184

C:\Program Files (x86)\Microchip\xc8\v1.33\sources\pic18\plib\reset\iswdtto.c
		_isWDTTO       		CODE           	1924	0000	20

C:\Program Files (x86)\Microchip\xc8\v1.33\sources\pic18\plib\reset\iswdtto.c estimated size: 20

C:\Program Files (x86)\Microchip\xc8\v1.33\sources\pic18\plib\ADC\adcread.c
		_ReadADC       		CODE           	1994	0000	10

C:\Program Files (x86)\Microchip\xc8\v1.33\sources\pic18\plib\ADC\adcread.c estimated size: 10

C:\Program Files (x86)\Microchip\xc8\v1.33\sources\pic18\plib\reset\ispor.c
		_isPOR         		CODE           	1938	0000	20

C:\Program Files (x86)\Microchip\xc8\v1.33\sources\pic18\plib\reset\ispor.c estimated size: 20

shared
		__stringdata   		SMALLCONST     	100F	0000	111
		__initializatio		CODE           	195E	0000	8
		set_motor_speed		SMALLCONST     	1001	0000	14

shared estimated size: 133

C:\Program Files (x86)\Microchip\xc8\v1.33\sources\pic18\plib\PWM\pw1setdc.c
		_SetDCPWM1     		CODE           	15E2	0000	58

C:\Program Files (x86)\Microchip\xc8\v1.33\sources\pic18\plib\PWM\pw1setdc.c estimated size: 58

../../Common/osc.c
		_set_osc_32MHz 		CODE           	1718	0000	40

../../Common/osc.c estimated size: 40

../sumovore.c
		_RESETtask     		CODE           	18BE	0000	28
		_initialization		CODE           	12B8	0000	144
		_gtrap         		CODE           	150A	0000	94
		_openPORTCforPW		CODE           	197A	0000	14
		_adc           		CODE           	17FE	0000	36
		_check_sensors 		CODE           	114A	0000	196
		_openPORTCforUS		CODE           	19AA	0000	6
		_STKFULtask    		CODE           	1884	0000	30
		_LVtrap        		CODE           	1864	0000	32
		_set_leds      		CODE           	1348	0000	126
		_motors_brake_a		CODE           	1822	0000	34
		_openPORTA     		CODE           	19B6	0000	6
		_openPORTB     		CODE           	19B0	0000	6
		_openPORTD     		CODE           	19BC	0000	6
		_openPORTE     		CODE           	19A4	0000	6
		_BORtask       		CODE           	1844	0000	32
		_reset_codes   		CODE           	1568	0000	64
		_openLVD       		CODE           	18F6	0000	24
		_WDTtask       		CODE           	18A2	0000	28
		_set_motor_spee		CODE           	1080	0000	202
		_PORtask       		CODE           	120E	0000	170

../sumovore.c estimated size: 1284

C:\Program Files (x86)\Microchip\xc8\v1.33\sources\pic18\plib\PWM\pw2open.c
		_OpenPWM2      		CODE           	161C	0000	58

C:\Program Files (x86)\Microchip\xc8\v1.33\sources\pic18\plib\PWM\pw2open.c estimated size: 58

C:\Program Files (x86)\Microchip\xc8\v1.33\sources\pic18\plib\ADC\adcconv.c
		_ConvertADC    		CODE           	19C6	0000	4

C:\Program Files (x86)\Microchip\xc8\v1.33\sources\pic18\plib\ADC\adcconv.c estimated size: 4

C:\Program Files (x86)\Microchip\xc8\v1.33\sources\pic18\plib\ADC\adcsetch.c
		_SetChanADC    		CODE           	190E	0000	22

C:\Program Files (x86)\Microchip\xc8\v1.33\sources\pic18\plib\ADC\adcsetch.c estimated size: 22

C:\Program Files (x86)\Microchip\xc8\v1.33\sources\pic18\plib\PWM\pw1open.c
		_OpenPWM1      		CODE           	194C	0000	18

C:\Program Files (x86)\Microchip\xc8\v1.33\sources\pic18\plib\PWM\pw1open.c estimated size: 18

